<?xml version="1.0" encoding="UTF-8"?>
<TestRun id="5da05979-81d2-4a5f-9914-50b8c7eff440" name="Suleman.Khan@TRNLON11508 2017-02-15 14:29:37" runUser="FDMGROUP\Suleman.Khan" xmlns="http://microsoft.com/schemas/VisualStudio/TeamTest/2010">
  <TestSettings name="Default Test Settings" id="a2847562-2963-449e-8935-7643f58e4bd7">
    <Execution>
      <TestTypeSpecific />
      <AgentRule name="Execution Agents">
      </AgentRule>
    </Execution>
    <Deployment runDeploymentRoot="Suleman.Khan_TRNLON11508 2017-02-15 14_29_37" />
    <Properties />
  </TestSettings>
  <Times creation="2017-02-15T14:29:37.2820258+00:00" queuing="2017-02-15T14:29:39.9152891+00:00" start="2017-02-15T14:29:40.1863162+00:00" finish="2017-02-15T14:29:47.3300305+00:00" />
  <ResultSummary outcome="Warning">
    <Counters total="3" executed="3" passed="3" error="0" failed="0" timeout="0" aborted="0" inconclusive="0" passedButRunAborted="0" notRunnable="0" notExecuted="0" disconnected="0" warning="0" completed="0" inProgress="0" pending="0" />
    <RunInfos>
      <RunInfo computerName="TRNLON11508" outcome="Warning" timestamp="2017-02-15T14:29:38.7361712+00:00">
        <Text>Warning: Test Run deployment issue: The assembly or module 'Microsoft.Owin.Security.OAuth' directly or indirectly referenced by the test container 'C:\Users\Suleman.khan\Desktop\ONEDSO\ONEDSO\onedso.tests\bin\debug\onedso.tests.dll' was not found.</Text>
      </RunInfo>
      <RunInfo computerName="TRNLON11508" outcome="Warning" timestamp="2017-02-15T14:29:38.7361712+00:00">
        <Text>Warning: Test Run deployment issue: The assembly or module 'WebGrease' directly or indirectly referenced by the test container 'C:\Users\Suleman.khan\Desktop\ONEDSO\ONEDSO\onedso.tests\bin\debug\onedso.tests.dll' was not found.</Text>
      </RunInfo>
    </RunInfos>
  </ResultSummary>
  <TestDefinitions>
    <UnitTest name="Test_GetAllProducts_ReturnsAllProducts" storage="onedso.tests\bin\debug\onedso.tests.dll" id="99268877-94a6-9615-a6b7-067ccfbcee3c">
      <Execution id="5311b7db-bdfb-4b62-a5d9-7f777a191273" />
      <TestMethod codeBase="C:/Users/Suleman.khan/Desktop/ONEDSO/ONEDSO/ONEDSO.Tests/bin/debug/ONEDSO.Tests.DLL" adapterTypeName="Microsoft.VisualStudio.TestTools.TestTypes.Unit.UnitTestAdapter, Microsoft.VisualStudio.QualityTools.Tips.UnitTest.Adapter, Version=12.0.0.0, Culture=neutral, PublicKeyToken=b03f5f7f11d50a3a" className="ONEDSO.Tests.RepositoryTests, ONEDSO.Tests, Version=1.0.0.0, Culture=neutral, PublicKeyToken=null" name="Test_GetAllProducts_ReturnsAllProducts" />
    </UnitTest>
    <UnitTest name="Test_Index_ReturnsIndexView" storage="onedso.tests\bin\debug\onedso.tests.dll" id="61217c2d-e07f-12b8-9fa2-32e170392762">
      <Execution id="815f9ad7-f19d-4886-a342-061eaced9b50" />
      <TestMethod codeBase="C:/Users/Suleman.khan/Desktop/ONEDSO/ONEDSO/ONEDSO.Tests/bin/debug/ONEDSO.Tests.DLL" adapterTypeName="Microsoft.VisualStudio.TestTools.TestTypes.Unit.UnitTestAdapter, Microsoft.VisualStudio.QualityTools.Tips.UnitTest.Adapter, Version=12.0.0.0, Culture=neutral, PublicKeyToken=b03f5f7f11d50a3a" className="ONEDSO.Tests.WebUITests, ONEDSO.Tests, Version=1.0.0.0, Culture=neutral, PublicKeyToken=null" name="Test_Index_ReturnsIndexView" />
    </UnitTest>
    <UnitTest name="Test_HomeIndex_ReturnsHomeIndexView" storage="onedso.tests\bin\debug\onedso.tests.dll" id="58801d83-018e-e382-174d-4410cc8fd820">
      <Execution id="b0ee53bb-29e8-4cd0-bc3f-04b0505b9ef8" />
      <TestMethod codeBase="C:/Users/Suleman.khan/Desktop/ONEDSO/ONEDSO/ONEDSO.Tests/bin/debug/ONEDSO.Tests.DLL" adapterTypeName="Microsoft.VisualStudio.TestTools.TestTypes.Unit.UnitTestAdapter, Microsoft.VisualStudio.QualityTools.Tips.UnitTest.Adapter, Version=12.0.0.0, Culture=neutral, PublicKeyToken=b03f5f7f11d50a3a" className="ONEDSO.Tests.WebUITests, ONEDSO.Tests, Version=1.0.0.0, Culture=neutral, PublicKeyToken=null" name="Test_HomeIndex_ReturnsHomeIndexView" />
    </UnitTest>
  </TestDefinitions>
  <TestLists>
    <TestList name="Results Not in a List" id="8c84fa94-04c1-424b-9868-57a2d4851a1d" />
    <TestList name="All Loaded Results" id="19431567-8539-422a-85d7-44ee4e166bda" />
  </TestLists>
  <TestEntries>
    <TestEntry testId="99268877-94a6-9615-a6b7-067ccfbcee3c" executionId="5311b7db-bdfb-4b62-a5d9-7f777a191273" testListId="8c84fa94-04c1-424b-9868-57a2d4851a1d" />
    <TestEntry testId="58801d83-018e-e382-174d-4410cc8fd820" executionId="b0ee53bb-29e8-4cd0-bc3f-04b0505b9ef8" testListId="8c84fa94-04c1-424b-9868-57a2d4851a1d" />
    <TestEntry testId="61217c2d-e07f-12b8-9fa2-32e170392762" executionId="815f9ad7-f19d-4886-a342-061eaced9b50" testListId="8c84fa94-04c1-424b-9868-57a2d4851a1d" />
  </TestEntries>
  <Results>
    <UnitTestResult executionId="5311b7db-bdfb-4b62-a5d9-7f777a191273" testId="99268877-94a6-9615-a6b7-067ccfbcee3c" testName="Test_GetAllProducts_ReturnsAllProducts" computerName="TRNLON11508" duration="00:00:01.4627161" startTime="2017-02-15T14:29:40.2863262+00:00" endTime="2017-02-15T14:29:42.3715347+00:00" testType="13cdc9d9-ddb5-4fa4-a97d-d965ccfc6d4b" outcome="Passed" testListId="8c84fa94-04c1-424b-9868-57a2d4851a1d" relativeResultsDirectory="5311b7db-bdfb-4b62-a5d9-7f777a191273">
    </UnitTestResult>
    <UnitTestResult executionId="b0ee53bb-29e8-4cd0-bc3f-04b0505b9ef8" testId="58801d83-018e-e382-174d-4410cc8fd820" testName="Test_HomeIndex_ReturnsHomeIndexView" computerName="TRNLON11508" duration="00:00:00.0871958" startTime="2017-02-15T14:29:42.3755351+00:00" endTime="2017-02-15T14:29:42.4675443+00:00" testType="13cdc9d9-ddb5-4fa4-a97d-d965ccfc6d4b" outcome="Passed" testListId="8c84fa94-04c1-424b-9868-57a2d4851a1d" relativeResultsDirectory="b0ee53bb-29e8-4cd0-bc3f-04b0505b9ef8">
    </UnitTestResult>
    <UnitTestResult executionId="815f9ad7-f19d-4886-a342-061eaced9b50" testId="61217c2d-e07f-12b8-9fa2-32e170392762" testName="Test_Index_ReturnsIndexView" computerName="TRNLON11508" duration="00:00:03.2528832" startTime="2017-02-15T14:29:42.4705446+00:00" endTime="2017-02-15T14:29:45.7268702+00:00" testType="13cdc9d9-ddb5-4fa4-a97d-d965ccfc6d4b" outcome="Passed" testListId="8c84fa94-04c1-424b-9868-57a2d4851a1d" relativeResultsDirectory="815f9ad7-f19d-4886-a342-061eaced9b50">
    </UnitTestResult>
  </Results>
</TestRun>